  archer         102x139  (was 256x256)
  axeman         102x139  (was 256x256)
  berserker      108x135  (was 256x256)
  boar           114x100  (was 256x256)
  bombard        122x105  (was 256x256)
  cannongalleon  220x166  (was 256x256)
  cataphract     176x169  (was 256x256)
  chukonu        172x156  (was 256x256)
  cog            172x145  (was 256x256)
  crossbowman    172x156  (was 256x256)
  deer           102x91   (was 256x256)
  demo           154x122  (was 256x256)
  eagle          184x170  (was 256x256)
  fireship       172x139  (was 256x256)
  fishing        154x106  (was 256x256)
  galley         234x156  (was 256x256)
  handcannon     182x137  (was 256x256)
  huskarl        108x135  (was 256x256)
  jaguar         106x141  (was 256x256)
  janissary      182x140  (was 256x256)
  king           106x137  (was 256x256)
  knight         238x205  (was 256x256)
  longboat       214x174  (was 256x256)
  longbow        102x139  (was 256x256)
  mameluke       176x169  (was 256x256)
  mangonel       134x111  (was 256x256)
  mangudai       168x164  (was 256x256)
  militia        106x134  (was 256x256)
  missionary     168x187  (was 256x256)
  monk           132x159  (was 256x256)
  petard         112x143  (was 256x256)
  pikeman        211x197  (was 256x256)
  plumed         102x141  (was 256x256)
  ram            140x125  (was 256x256)
  samurai        106x140  (was 256x256)
  scorpion       114x95   (was 256x256)
  scout          176x169  (was 256x256)
  sheep           96x88   (was 256x256)
  skirmisher     118x146  (was 256x256)
  spearman       184x170  (was 256x256)
  teuton         106x137  (was 256x256)
  transport      194x148  (was 256x256)
  treb           152x166  (was 256x256)
  turtle         186x144  (was 256x256)
  villager       110x139  (was 256x256)
  woad           184x170  (was 256x256)
PACKED 46 units  151.9MB -> 71.6MB  (47%)
Blender 5.2.0 LTS (hash fbe6228777e7 built 2026-07-14 01:35:40)

Blender quit
